#-----------------------------------------------------------
# Vivado v2018.3 (64-bit)
# SW Build 2405991 on Thu Dec  6 23:38:27 MST 2018
# IP Build 2404404 on Fri Dec  7 01:43:56 MST 2018
# Start of session at: Thu Dec 12 23:30:38 2019
# Process ID: 19064
# Current directory: C:/Users/a/Desktop/MIPS32
# Command line: vivado.exe -gui_launcher_event rodinguilauncherevent20116 C:\Users\a\Desktop\MIPS32\pipelineX.xpr
# Log file: C:/Users/a/Desktop/MIPS32/vivado.log
# Journal file: C:/Users/a/Desktop/MIPS32\vivado.jou
#-----------------------------------------------------------
start_gui
open_project C:/Users/a/Desktop/MIPS32/pipelineX.xpr
update_compile_order -fileset sources_1
launch_simulation
open_wave_config C:/Users/a/Desktop/MIPS32/testbench_behav.wcfg
source testbench.tcl
run 2000 ns
export_ip_user_files -of_objects  [get_files C:/Users/a/Desktop/MIPS32/ref_code/coe/7.J_Inst_Test/inst_rom.coe] -no_script -reset -force -quiet
remove_files  C:/Users/a/Desktop/MIPS32/ref_code/coe/7.J_Inst_Test/inst_rom.coe
update_compile_order -fileset sources_1
update_compile_order -fileset sources_1
update_compile_order -fileset sources_1
update_compile_order -fileset sources_1
update_compile_order -fileset sources_1
close [ open C:/Users/a/Desktop/MIPS32/pipelineX.srcs/sources_1/new/DataMemory.v w ]
add_files C:/Users/a/Desktop/MIPS32/pipelineX.srcs/sources_1/new/DataMemory.v
update_compile_order -fileset sources_1
update_compile_order -fileset sources_1
update_compile_order -fileset sources_1
update_compile_order -fileset sources_1
set_property -dict [list CONFIG.Enable_A {Use_ENA_Pin}] [get_ips data_mem]
generate_target all [get_files  C:/Users/a/Desktop/MIPS32/pipelineX.srcs/sources_1/ip/data_mem/data_mem.xci]
catch { config_ip_cache -export [get_ips -all data_mem] }
export_ip_user_files -of_objects [get_files C:/Users/a/Desktop/MIPS32/pipelineX.srcs/sources_1/ip/data_mem/data_mem.xci] -no_script -sync -force -quiet
reset_run data_mem_synth_1
launch_runs -jobs 2 data_mem_synth_1
export_simulation -of_objects [get_files C:/Users/a/Desktop/MIPS32/pipelineX.srcs/sources_1/ip/data_mem/data_mem.xci] -directory C:/Users/a/Desktop/MIPS32/pipelineX.ip_user_files/sim_scripts -ip_user_files_dir C:/Users/a/Desktop/MIPS32/pipelineX.ip_user_files -ipstatic_source_dir C:/Users/a/Desktop/MIPS32/pipelineX.ip_user_files/ipstatic -lib_map_path [list {modelsim=C:/Users/a/Desktop/MIPS32/pipelineX.cache/compile_simlib/modelsim} {questa=C:/Users/a/Desktop/MIPS32/pipelineX.cache/compile_simlib/questa} {riviera=C:/Users/a/Desktop/MIPS32/pipelineX.cache/compile_simlib/riviera} {activehdl=C:/Users/a/Desktop/MIPS32/pipelineX.cache/compile_simlib/activehdl}] -use_ip_compiled_libs -force -quiet
set_property -dict [list CONFIG.Coe_File {C:/Users/a/Desktop/MIPS32/pipelineX.srcs/sources_1/ip/inst_mem/ref_code/coe/9.Memory_Inst_Test/inst_rom.coe}] [get_ips inst_mem]
generate_target all [get_files  C:/Users/a/Desktop/MIPS32/pipelineX.srcs/sources_1/ip/inst_mem/inst_mem.xci]
catch { config_ip_cache -export [get_ips -all inst_mem] }
export_ip_user_files -of_objects [get_files C:/Users/a/Desktop/MIPS32/pipelineX.srcs/sources_1/ip/inst_mem/inst_mem.xci] -no_script -sync -force -quiet
reset_run inst_mem_synth_1
launch_runs -jobs 2 inst_mem_synth_1
export_simulation -of_objects [get_files C:/Users/a/Desktop/MIPS32/pipelineX.srcs/sources_1/ip/inst_mem/inst_mem.xci] -directory C:/Users/a/Desktop/MIPS32/pipelineX.ip_user_files/sim_scripts -ip_user_files_dir C:/Users/a/Desktop/MIPS32/pipelineX.ip_user_files -ipstatic_source_dir C:/Users/a/Desktop/MIPS32/pipelineX.ip_user_files/ipstatic -lib_map_path [list {modelsim=C:/Users/a/Desktop/MIPS32/pipelineX.cache/compile_simlib/modelsim} {questa=C:/Users/a/Desktop/MIPS32/pipelineX.cache/compile_simlib/questa} {riviera=C:/Users/a/Desktop/MIPS32/pipelineX.cache/compile_simlib/riviera} {activehdl=C:/Users/a/Desktop/MIPS32/pipelineX.cache/compile_simlib/activehdl}] -use_ip_compiled_libs -force -quiet
relaunch_sim
relaunch_sim
relaunch_sim
close_sim
launch_simulation
open_wave_config C:/Users/a/Desktop/MIPS32/testbench_behav.wcfg
source testbench.tcl
save_wave_config {C:/Users/a/Desktop/MIPS32/testbench_behav.wcfg}
current_wave_config {testbench_behav.wcfg}
add_wave {{/testbench/dut/dataMemory/addr_i}} {{/testbench/dut/dataMemory/wdata_i}} {{/testbench/dut/dataMemory/ALUControl}} {{/testbench/dut/dataMemory/memEn}} {{/testbench/dut/dataMemory/rdata_o}} {{/testbench/dut/dataMemory/wEna}} {{/testbench/dut/dataMemory/wdata}} {{/testbench/dut/dataMemory/rdata}} 
relaunch_sim
save_wave_config {C:/Users/a/Desktop/MIPS32/testbench_behav.wcfg}
relaunch_sim
relaunch_sim
save_wave_config {C:/Users/a/Desktop/MIPS32/testbench_behav.wcfg}
relaunch_sim
relaunch_sim
relaunch_sim
relaunch_sim
set_property -dict [list CONFIG.Coe_File {C:/Users/a/Desktop/MIPS32/pipelineX.srcs/sources_1/ip/inst_mem/ref_code/coe/7.J_Inst_Test/inst_rom.coe}] [get_ips inst_mem]
relaunch_sim
set_property -dict [list CONFIG.Fill_Remaining_Memory_Locations {true}] [get_ips inst_mem]
reset_target all [get_files  C:/Users/a/Desktop/MIPS32/pipelineX.srcs/sources_1/ip/inst_mem/inst_mem.xci]
export_ip_user_files -of_objects  [get_files  C:/Users/a/Desktop/MIPS32/pipelineX.srcs/sources_1/ip/inst_mem/inst_mem.xci] -sync -no_script -force -quiet
delete_ip_run [get_files -of_objects [get_fileset inst_mem] C:/Users/a/Desktop/MIPS32/pipelineX.srcs/sources_1/ip/inst_mem/inst_mem.xci]
set_property -dict [list CONFIG.Write_Depth_A {512}] [get_ips inst_mem]
generate_target all [get_files  C:/Users/a/Desktop/MIPS32/pipelineX.srcs/sources_1/ip/inst_mem/inst_mem.xci]
catch { config_ip_cache -export [get_ips -all inst_mem] }
export_ip_user_files -of_objects [get_files C:/Users/a/Desktop/MIPS32/pipelineX.srcs/sources_1/ip/inst_mem/inst_mem.xci] -no_script -sync -force -quiet
create_ip_run [get_files -of_objects [get_fileset sources_1] C:/Users/a/Desktop/MIPS32/pipelineX.srcs/sources_1/ip/inst_mem/inst_mem.xci]
launch_runs -jobs 2 inst_mem_synth_1
export_simulation -of_objects [get_files C:/Users/a/Desktop/MIPS32/pipelineX.srcs/sources_1/ip/inst_mem/inst_mem.xci] -directory C:/Users/a/Desktop/MIPS32/pipelineX.ip_user_files/sim_scripts -ip_user_files_dir C:/Users/a/Desktop/MIPS32/pipelineX.ip_user_files -ipstatic_source_dir C:/Users/a/Desktop/MIPS32/pipelineX.ip_user_files/ipstatic -lib_map_path [list {modelsim=C:/Users/a/Desktop/MIPS32/pipelineX.cache/compile_simlib/modelsim} {questa=C:/Users/a/Desktop/MIPS32/pipelineX.cache/compile_simlib/questa} {riviera=C:/Users/a/Desktop/MIPS32/pipelineX.cache/compile_simlib/riviera} {activehdl=C:/Users/a/Desktop/MIPS32/pipelineX.cache/compile_simlib/activehdl}] -use_ip_compiled_libs -force -quiet
relaunch_sim
run 2000 ns
run 2000 ns
save_wave_config {C:/Users/a/Desktop/MIPS32/testbench_behav.wcfg}
close_sim
