#-----------------------------------------------------------
# Vivado v2018.3 (64-bit)
# SW Build 2405991 on Thu Dec  6 23:38:27 MST 2018
# IP Build 2404404 on Fri Dec  7 01:43:56 MST 2018
# Start of session at: Tue Dec 10 02:05:37 2019
# Process ID: 15168
# Current directory: C:/Users/a/Desktop/pipelineX
# Command line: vivado.exe -gui_launcher_event rodinguilauncherevent16272 C:\Users\a\Desktop\pipelineX\pipelineX.xpr
# Log file: C:/Users/a/Desktop/pipelineX/vivado.log
# Journal file: C:/Users/a/Desktop/pipelineX\vivado.jou
#-----------------------------------------------------------
start_gui
open_project C:/Users/a/Desktop/pipelineX/pipelineX.xpr
update_compile_order -fileset sources_1
set_property -dict [list CONFIG.Coe_File {C:/Users/a/Desktop/pipelineX/ref_code/coe/2.Logic_Inst_Test/inst_rom.coe}] [get_ips inst_mem]
generate_target all [get_files  C:/Users/a/Desktop/pipelineX/pipelineX.srcs/sources_1/ip/inst_mem/inst_mem.xci]
catch { config_ip_cache -export [get_ips -all inst_mem] }
export_ip_user_files -of_objects [get_files C:/Users/a/Desktop/pipelineX/pipelineX.srcs/sources_1/ip/inst_mem/inst_mem.xci] -no_script -sync -force -quiet
reset_run inst_mem_synth_1
launch_runs -jobs 2 inst_mem_synth_1
export_simulation -of_objects [get_files C:/Users/a/Desktop/pipelineX/pipelineX.srcs/sources_1/ip/inst_mem/inst_mem.xci] -directory C:/Users/a/Desktop/pipelineX/pipelineX.ip_user_files/sim_scripts -ip_user_files_dir C:/Users/a/Desktop/pipelineX/pipelineX.ip_user_files -ipstatic_source_dir C:/Users/a/Desktop/pipelineX/pipelineX.ip_user_files/ipstatic -lib_map_path [list {modelsim=C:/Users/a/Desktop/pipelineX/pipelineX.cache/compile_simlib/modelsim} {questa=C:/Users/a/Desktop/pipelineX/pipelineX.cache/compile_simlib/questa} {riviera=C:/Users/a/Desktop/pipelineX/pipelineX.cache/compile_simlib/riviera} {activehdl=C:/Users/a/Desktop/pipelineX/pipelineX.cache/compile_simlib/activehdl}] -use_ip_compiled_libs -force -quiet
launch_simulation
open_wave_config C:/Users/a/Desktop/pipelineX/testbench_behav.wcfg
source testbench.tcl
close_sim
